CONFIG copied
[transformers] PyTorch was not found. Models won't be available and only tokenizers, configuration and file/data utilities can be used.
[transformers] Could not extract SentencePiece model from /root/llama70b_raw/tokenizer.model using sentencepiece library due to 
SentencePieceExtractor requires the protobuf library but it was not found in your environment. Check out the instructions on the
installation page of its repo: https://github.com/protocolbuffers/protobuf/tree/master/python#installation and follow the ones
that match your environment. Please note that you may need to restart your runtime after installation.
. Falling back to TikToken extractor.
Traceback (most recent call last):
  File "/venv/main/lib/python3.12/site-packages/transformers/tokenization_utils_tokenizers.py", line 217, in convert_to_native_format
    extractor = SentencePieceExtractor(vocab_file)
                ^^^^^^^^^^^^^^^^^^^^^^^^^^^^^^^^^^
  File "/venv/main/lib/python3.12/site-packages/transformers/convert_slow_tokenizer.py", line 153, in __init__
    requires_backends(self, "protobuf")
  File "/venv/main/lib/python3.12/site-packages/transformers/utils/import_utils.py", line 2345, in requires_backends
    raise ImportError("".join(failed))
ImportError: 
SentencePieceExtractor requires the protobuf library but it was not found in your environment. Check out the instructions on the
installation page of its repo: https://github.com/protocolbuffers/protobuf/tree/master/python#installation and follow the ones
that match your environment. Please note that you may need to restart your runtime after installation.


During handling of the above exception, another exception occurred:

Traceback (most recent call last):
  File "/venv/main/lib/python3.12/site-packages/transformers/convert_slow_tokenizer.py", line 1925, in extract_vocab_merges_from_model
    from tiktoken.load import load_tiktoken_bpe
ModuleNotFoundError: No module named 'tiktoken'

During handling of the above exception, another exception occurred:

Traceback (most recent call last):
  File "/root/setup_70b.py", line 101, in <module>
    convert_tokenizer()
  File "/root/setup_70b.py", line 86, in convert_tokenizer
    tok = AutoTokenizer.from_pretrained(RAW, use_fast=True)
          ^^^^^^^^^^^^^^^^^^^^^^^^^^^^^^^^^^^^^^^^^^^^^^^^^
  File "/venv/main/lib/python3.12/site-packages/transformers/models/auto/tokenization_auto.py", line 930, in from_pretrained
    return tokenizer_class.from_pretrained(pretrained_model_name_or_path, *inputs, **kwargs)
           ^^^^^^^^^^^^^^^^^^^^^^^^^^^^^^^^^^^^^^^^^^^^^^^^^^^^^^^^^^^^^^^^^^^^^^^^^^^^^^^^^
  File "/venv/main/lib/python3.12/site-packages/transformers/tokenization_utils_base.py", line 1736, in from_pretrained
    return cls._from_pretrained(
           ^^^^^^^^^^^^^^^^^^^^^
  File "/venv/main/lib/python3.12/site-packages/transformers/tokenization_utils_base.py", line 1929, in _from_pretrained
    init_kwargs = cls.convert_to_native_format(**init_kwargs)
                  ^^^^^^^^^^^^^^^^^^^^^^^^^^^^^^^^^^^^^^^^^^^
  File "/venv/main/lib/python3.12/site-packages/transformers/tokenization_utils_tokenizers.py", line 283, in convert_to_native_format
    local_kwargs["tokenizer_object"] = converter.converted()
                                       ^^^^^^^^^^^^^^^^^^^^^
  File "/venv/main/lib/python3.12/site-packages/transformers/convert_slow_tokenizer.py", line 1962, in converted
    tokenizer = self.tokenizer()
                ^^^^^^^^^^^^^^^^
  File "/venv/main/lib/python3.12/site-packages/transformers/convert_slow_tokenizer.py", line 1955, in tokenizer
    vocab_scores, merges = self.extract_vocab_merges_from_model(self.vocab_file)
                           ^^^^^^^^^^^^^^^^^^^^^^^^^^^^^^^^^^^^^^^^^^^^^^^^^^^^^
  File "/venv/main/lib/python3.12/site-packages/transformers/convert_slow_tokenizer.py", line 1927, in extract_vocab_merges_from_model
    raise ValueError(
ValueError: `tiktoken` is required to read a `tiktoken` file. Install it with `pip install tiktoken`.
