==============================================================
  量化忠实度评测  模型 TinyLlama/TinyLlama-1.1B-Chat-v1.0  MAXCTX=24  每题生成 8 token  评测 prompt 16 条
  校准配置: ["random"]   语料: (未提供)
==============================================================

[参考] 原始 f32 模型贪心解码 60.0s
    "The capital of Germany is" → "Berlin.\n\n2. The capital"
    "Photosynthesis is the process by which" → "plants and other organisms convert light energy"
    "In 1969, humans first landed on" → "the moon. The Apollo 1"
    "The largest ocean on Earth is" → "the Pacific Ocean, which covers approximately"
    [random] 校准 digest 9b599cbf887c…  量化权重指纹 452a1bec1230…  激活缩放指纹 148d2819c3a0…
    [random] 推理重复 #1：与首次逐 token 一致
    [random] 推理重复 #2：与首次逐 token 一致
    [random] 推理重复 2 次，其中 2 次与首次完全一致（同一量化模型、同一输入）

[random [seeded(seed=42) / minmax]] 量化 12.0s → 首 token 一致 88%，逐 token 一致 53%，整句一致 31%，教师强制逐步一致 89%
    "The capital of Germany is" → "Berlin. The capital of France is Paris"
    "Photosynthesis is the process by which" → "plants convert light energy into chemical energy in"
    "In 1969, humans first landed on" → "the moon. The Apollo 1"
    "The largest ocean on Earth is" → "the Pacific Ocean, which covers approximately"

==============================================================
  汇总（相对原始 f32 模型，16 条未参与校准的 prompt，每条生成 8 token）
  配置 | 首token一致 | 逐token一致 | 整句一致 | 教师强制逐步一致 | 量化耗时
  random [seeded(seed=42) / minmax] |    88% |    53% |    31% |    89% | 12s
